// Jest Snapshot v1, https://goo.gl/fbAQLP

exports[`LogoGenerator svg generates correctly 1`] = `"<svg viewBox="0 0 1280 720" xmlns="http://www.w3.org/2000/svg"><image transform="" href="nowayu_bg.svg" height="720" width="1280" y="0" x="0" /><g id="line_0"><g id="char_0"><rect ry="8" rx="8" fill="#ebf766" height="132" width="132" y="232" x="261.12" /><rect ry="8" rx="8" stroke-width="14" stroke="#ffffff" fill="none" height="125" width="125" y="235.5" x="264.62" /><rect ry="8" rx="8" stroke-width="7" stroke="#2962c5" fill="none" height="125" width="125" y="235.5" x="264.62" /><path stroke-width="7" stroke="#ffffff" fill="none" d="M318.46 257.34L340.95 257.34C342.75 257.34 343.80 258.08 343.80 259.56C343.80 260.09 343.49 261.57 343.28 262.20L338.21 279.20C337.47 281.84 336.73 284.17 336.73 286.07C336.73 289.66 339.37 292.61 345.60 292.61L357.96 292.61C360.38 292.61 361.23 293.35 361.23 295.25C361.23 300.01 358.69 322.08 354.79 331.79C352.04 338.87 348.45 340.56 341.16 340.56L328.28 340.56C327.33 340.56 325.32 340.77 325.32 342.99C325.32 345.10 327.12 345.41 328.28 345.41L348.56 345.41C355.21 345.41 362.28 344.57 366.30 333.80C369.99 323.87 372.84 300.85 372.84 295.78C372.84 289.24 368.73 287.76 363.34 287.76L351.62 287.76C349.40 287.76 348.56 286.91 348.56 285.54C348.56 284.69 348.98 283.32 349.19 282.48L354.15 266.64C355.10 263.68 355.84 261.15 355.84 259.24C355.84 254.81 352.15 252.59 346.97 252.59L285.83 252.59C284.88 252.59 282.87 252.80 282.87 255.02C282.87 257.13 284.77 257.34 285.83 257.34L306.63 257.34L306.63 272.87C306.63 294.94 305.58 320.18 279.92 338.55C279.07 339.18 278.23 339.82 278.23 341.08C278.23 342.46 279.28 343.51 280.55 343.51C282.77 343.51 289.95 338.02 290.69 337.49C316.03 317.96 318.46 295.57 318.46 270.44Z" /><path fill="#2962c5" d="M318.46 257.34L340.95 257.34C342.75 257.34 343.80 258.08 343.80 259.56C343.80 260.09 343.49 261.57 343.28 262.20L338.21 279.20C337.47 281.84 336.73 284.17 336.73 286.07C336.73 289.66 339.37 292.61 345.60 292.61L357.96 292.61C360.38 292.61 361.23 293.35 361.23 295.25C361.23 300.01 358.69 322.08 354.79 331.79C352.04 338.87 348.45 340.56 341.16 340.56L328.28 340.56C327.33 340.56 325.32 340.77 325.32 342.99C325.32 345.10 327.12 345.41 328.28 345.41L348.56 345.41C355.21 345.41 362.28 344.57 366.30 333.80C369.99 323.87 372.84 300.85 372.84 295.78C372.84 289.24 368.73 287.76 363.34 287.76L351.62 287.76C349.40 287.76 348.56 286.91 348.56 285.54C348.56 284.69 348.98 283.32 349.19 282.48L354.15 266.64C355.10 263.68 355.84 261.15 355.84 259.24C355.84 254.81 352.15 252.59 346.97 252.59L285.83 252.59C284.88 252.59 282.87 252.80 282.87 255.02C282.87 257.13 284.77 257.34 285.83 257.34L306.63 257.34L306.63 272.87C306.63 294.94 305.58 320.18 279.92 338.55C279.07 339.18 278.23 339.82 278.23 341.08C278.23 342.46 279.28 343.51 280.55 343.51C282.77 343.51 289.95 338.02 290.69 337.49C316.03 317.96 318.46 295.57 318.46 270.44Z" /></g><g id="char_1"><rect ry="8" rx="8" fill="#ebf766" height="114.84" width="114.84" y="240.57999999999998" x="405.12" /><rect ry="8" rx="8" stroke-width="14" stroke="#ffffff" fill="none" height="107.84" width="107.84" y="244.07999999999998" x="408.62" /><rect ry="8" rx="8" stroke-width="7" stroke="#2962c5" fill="none" height="107.84" width="107.84" y="244.07999999999998" x="408.62" /><path stroke-width="7" stroke="#ffffff" fill="none" d="M467.32 291.84C477.88 313.43 500.67 328.50 503.06 328.50C504.07 328.50 505.08 327.58 505.08 326.39C505.08 325.29 504.34 324.83 503.88 324.37C487.99 312.98 475.68 293.22 471.82 279.63L501.95 279.63C502.78 279.63 504.53 279.44 504.53 277.51C504.53 275.68 502.78 275.40 501.95 275.40L467.32 275.40L467.32 261.34C467.32 259.69 467.32 255.10 462.26 255.10C457.30 255.10 457.30 259.69 457.30 261.34L457.30 275.40L422.76 275.40C421.93 275.40 420.19 275.58 420.19 277.51C420.19 279.44 421.84 279.63 422.76 279.63L452.89 279.63C448.85 294.14 434.98 314.08 421.11 324.37C420.55 324.73 419.64 325.38 419.64 326.48C419.64 327.77 420.74 328.59 421.75 328.59C423.40 328.59 445.73 314.72 457.30 292.03L457.30 333.74C457.30 335.48 457.40 339.99 462.26 339.99C467.32 339.99 467.32 335.30 467.32 333.74Z" /><path fill="#2962c5" d="M467.32 291.84C477.88 313.43 500.67 328.50 503.06 328.50C504.07 328.50 505.08 327.58 505.08 326.39C505.08 325.29 504.34 324.83 503.88 324.37C487.99 312.98 475.68 293.22 471.82 279.63L501.95 279.63C502.78 279.63 504.53 279.44 504.53 277.51C504.53 275.68 502.78 275.40 501.95 275.40L467.32 275.40L467.32 261.34C467.32 259.69 467.32 255.10 462.26 255.10C457.30 255.10 457.30 259.69 457.30 261.34L457.30 275.40L422.76 275.40C421.93 275.40 420.19 275.58 420.19 277.51C420.19 279.44 421.84 279.63 422.76 279.63L452.89 279.63C448.85 294.14 434.98 314.08 421.11 324.37C420.55 324.73 419.64 325.38 419.64 326.48C419.64 327.77 420.74 328.59 421.75 328.59C423.40 328.59 445.73 314.72 457.30 292.03L457.30 333.74C457.30 335.48 457.40 339.99 462.26 339.99C467.32 339.99 467.32 335.30 467.32 333.74Z" /></g><g id="char_2"><rect ry="8" rx="8" fill="#ebf766" height="132" width="132" y="232" x="531.96" /><rect ry="8" rx="8" stroke-width="14" stroke="#ffffff" fill="none" height="125" width="125" y="235.5" x="535.46" /><rect ry="8" rx="8" stroke-width="7" stroke="#2962c5" fill="none" height="125" width="125" y="235.5" x="535.46" /><path stroke-width="7" stroke="#ffffff" fill="none" d="M597.96 285.01C598.70 283.22 601.13 278.25 601.13 275.72C601.13 272.02 597.75 270.23 594.58 270.23C593.52 270.23 589.83 270.33 588.56 274.45C588.14 275.93 585.92 283.32 585.39 285.01L552.13 285.01C551.28 285.01 549.17 285.12 549.17 287.33C549.17 289.66 551.39 289.76 552.13 289.76L583.28 289.76C573.99 308.98 562.69 317.43 550.97 324.72C549.60 325.56 548.86 325.98 548.86 327.36C548.86 328.84 550.02 329.79 551.18 329.79C553.08 329.79 563.01 324.72 571.77 317.43L571.77 334.22C571.77 341.72 575.47 344.15 582.96 344.15L627.00 344.15C633.55 344.15 638.19 342.56 638.19 334.22L638.19 315.42C638.19 307.93 634.60 305.50 627.00 305.50L584.34 305.50C590.46 298.42 593.42 293.46 595.43 289.76L643.37 289.76C644.21 289.76 646.32 289.66 646.32 287.33C646.32 285.22 644.42 285.01 643.37 285.01ZM626.68 334.43C626.68 338.34 625.84 339.40 621.72 339.40L588.35 339.40C584.34 339.40 583.39 338.34 583.39 334.43L583.39 315.21C583.39 311.41 584.23 310.25 588.35 310.25L621.72 310.25C625.73 310.25 626.68 311.31 626.68 315.21ZM574.31 259.56L552.55 259.56C551.60 259.56 549.60 259.67 549.60 261.99C549.60 264.10 551.60 264.31 552.55 264.31L574.31 264.31L574.31 270.12C574.31 273.18 575.04 276.99 579.90 276.99C585.50 276.99 585.50 271.71 585.50 270.12L585.50 264.31L610.74 264.31L610.74 270.23C610.74 272.23 610.84 276.99 616.33 276.99C621.83 276.99 621.83 272.02 621.83 270.23L621.83 264.31L642.95 264.31C643.90 264.31 645.90 264.10 645.90 261.88C645.90 259.77 643.90 259.56 642.95 259.56L621.83 259.56L621.83 255.44C621.83 253.23 621.61 248.68 616.23 248.68C610.74 248.68 610.74 253.65 610.74 255.44L610.74 259.56L585.50 259.56L585.50 255.55C585.50 253.12 585.18 248.68 579.80 248.68C574.31 248.68 574.31 253.96 574.31 255.55Z" /><path fill="#2962c5" d="M597.96 285.01C598.70 283.22 601.13 278.25 601.13 275.72C601.13 272.02 597.75 270.23 594.58 270.23C593.52 270.23 589.83 270.33 588.56 274.45C588.14 275.93 585.92 283.32 585.39 285.01L552.13 285.01C551.28 285.01 549.17 285.12 549.17 287.33C549.17 289.66 551.39 289.76 552.13 289.76L583.28 289.76C573.99 308.98 562.69 317.43 550.97 324.72C549.60 325.56 548.86 325.98 548.86 327.36C548.86 328.84 550.02 329.79 551.18 329.79C553.08 329.79 563.01 324.72 571.77 317.43L571.77 334.22C571.77 341.72 575.47 344.15 582.96 344.15L627.00 344.15C633.55 344.15 638.19 342.56 638.19 334.22L638.19 315.42C638.19 307.93 634.60 305.50 627.00 305.50L584.34 305.50C590.46 298.42 593.42 293.46 595.43 289.76L643.37 289.76C644.21 289.76 646.32 289.66 646.32 287.33C646.32 285.22 644.42 285.01 643.37 285.01ZM626.68 334.43C626.68 338.34 625.84 339.40 621.72 339.40L588.35 339.40C584.34 339.40 583.39 338.34 583.39 334.43L583.39 315.21C583.39 311.41 584.23 310.25 588.35 310.25L621.72 310.25C625.73 310.25 626.68 311.31 626.68 315.21ZM574.31 259.56L552.55 259.56C551.60 259.56 549.60 259.67 549.60 261.99C549.60 264.10 551.60 264.31 552.55 264.31L574.31 264.31L574.31 270.12C574.31 273.18 575.04 276.99 579.90 276.99C585.50 276.99 585.50 271.71 585.50 270.12L585.50 264.31L610.74 264.31L610.74 270.23C610.74 272.23 610.84 276.99 616.33 276.99C621.83 276.99 621.83 272.02 621.83 270.23L621.83 264.31L642.95 264.31C643.90 264.31 645.90 264.10 645.90 261.88C645.90 259.77 643.90 259.56 642.95 259.56L621.83 259.56L621.83 255.44C621.83 253.23 621.61 248.68 616.23 248.68C610.74 248.68 610.74 253.65 610.74 255.44L610.74 259.56L585.50 259.56L585.50 255.55C585.50 253.12 585.18 248.68 579.80 248.68C574.31 248.68 574.31 253.96 574.31 255.55Z" /></g><g id="char_3"><rect ry="8" rx="8" fill="#ebf766" height="114.84" width="114.84" y="240.57999999999998" x="675.96" /><rect ry="8" rx="8" stroke-width="14" stroke="#ffffff" fill="none" height="107.84" width="107.84" y="244.07999999999998" x="679.46" /><rect ry="8" rx="8" stroke-width="7" stroke="#2962c5" fill="none" height="107.84" width="107.84" y="244.07999999999998" x="679.46" /><path stroke-width="7" stroke="#ffffff" fill="none" d="M728.79 305.26L728.79 312.15L693.69 312.15C692.77 312.15 691.12 312.33 691.12 314.26C691.12 316.01 692.68 316.37 693.69 316.37L720.33 316.37C718.50 318.76 711.06 327.31 694.06 333.55C693.32 333.83 692.13 334.29 692.13 335.76C692.13 336.95 693.14 337.87 694.24 337.87C696.54 337.87 717.76 330.71 728.79 319.87L728.79 334.47C728.79 336.22 728.79 339.89 733.56 339.89C738.25 339.89 738.25 336.04 738.25 334.47L738.25 320.69C749.64 331.26 769.85 337.87 772.24 337.87C773.25 337.87 774.35 337.05 774.35 335.76C774.35 334.29 773.25 333.92 772.15 333.46C766.73 331.26 752.21 325.38 745.87 316.37L772.79 316.37C773.62 316.37 775.37 316.10 775.37 314.26C775.37 312.33 773.62 312.15 772.79 312.15L738.25 312.15L738.25 305.26L763.51 305.26C764.25 305.26 766.09 305.17 766.09 303.14C766.09 301.31 764.43 301.03 763.51 301.03L718.77 301.03C715.46 301.03 714.91 300.02 714.91 297.17L714.91 285.32L726.31 285.32L726.31 289.36C726.31 294.05 728.14 296.62 734.67 296.62L749.64 296.62C755.25 296.62 758.00 294.88 758.00 289.36L758.00 285.32L770.96 285.32C771.87 285.32 773.53 285.05 773.53 283.21C773.53 281.37 771.87 281.10 770.96 281.10L758.00 281.10L758.00 279.26C758.00 276.13 756.62 274.02 753.32 274.02C750.01 274.02 748.72 276.32 748.72 279.26L748.72 281.10L735.86 281.10L735.86 278.89C735.86 276.96 735.86 273.38 730.99 273.38C726.31 273.38 726.31 277.15 726.31 278.89L726.31 281.10L714.91 281.10C714.91 278.06 714.91 274.02 709.95 274.02C705.18 274.02 705.18 278.16 705.18 281.10L695.62 281.10C694.89 281.10 693.05 281.28 693.05 283.21C693.05 285.14 694.79 285.32 695.62 285.32L705.18 285.32L705.18 297.08C705.18 302.96 707.93 305.26 714.27 305.26ZM748.72 288.63C748.72 291.66 748.26 292.40 744.96 292.40L739.63 292.40C736.41 292.40 735.86 291.66 735.86 288.63L735.86 285.32L748.72 285.32ZM713.81 263.55L693.51 263.55C692.68 263.55 690.94 263.73 690.94 265.66C690.94 267.41 692.59 267.68 693.51 267.68L713.81 267.68C713.81 270.53 713.81 274.57 718.68 274.57C723.55 274.57 723.55 270.44 723.55 267.68L743.39 267.68C743.39 270.62 743.39 274.57 748.26 274.57C753.04 274.57 753.04 270.53 753.04 267.68L773.25 267.68C774.08 267.68 775.82 267.50 775.82 265.66C775.82 263.73 774.17 263.55 773.25 263.55L753.04 263.55L753.04 260.52C753.04 257.94 752.12 255.10 748.17 255.10C744.04 255.10 743.39 258.59 743.39 260.52L743.39 263.55L723.55 263.55L723.55 260.70C723.55 258.22 722.72 255.10 718.59 255.10C713.81 255.10 713.81 259.69 713.81 260.70Z" /><path fill="#2962c5" d="M728.79 305.26L728.79 312.15L693.69 312.15C692.77 312.15 691.12 312.33 691.12 314.26C691.12 316.01 692.68 316.37 693.69 316.37L720.33 316.37C718.50 318.76 711.06 327.31 694.06 333.55C693.32 333.83 692.13 334.29 692.13 335.76C692.13 336.95 693.14 337.87 694.24 337.87C696.54 337.87 717.76 330.71 728.79 319.87L728.79 334.47C728.79 336.22 728.79 339.89 733.56 339.89C738.25 339.89 738.25 336.04 738.25 334.47L738.25 320.69C749.64 331.26 769.85 337.87 772.24 337.87C773.25 337.87 774.35 337.05 774.35 335.76C774.35 334.29 773.25 333.92 772.15 333.46C766.73 331.26 752.21 325.38 745.87 316.37L772.79 316.37C773.62 316.37 775.37 316.10 775.37 314.26C775.37 312.33 773.62 312.15 772.79 312.15L738.25 312.15L738.25 305.26L763.51 305.26C764.25 305.26 766.09 305.17 766.09 303.14C766.09 301.31 764.43 301.03 763.51 301.03L718.77 301.03C715.46 301.03 714.91 300.02 714.91 297.17L714.91 285.32L726.31 285.32L726.31 289.36C726.31 294.05 728.14 296.62 734.67 296.62L749.64 296.62C755.25 296.62 758.00 294.88 758.00 289.36L758.00 285.32L770.96 285.32C771.87 285.32 773.53 285.05 773.53 283.21C773.53 281.37 771.87 281.10 770.96 281.10L758.00 281.10L758.00 279.26C758.00 276.13 756.62 274.02 753.32 274.02C750.01 274.02 748.72 276.32 748.72 279.26L748.72 281.10L735.86 281.10L735.86 278.89C735.86 276.96 735.86 273.38 730.99 273.38C726.31 273.38 726.31 277.15 726.31 278.89L726.31 281.10L714.91 281.10C714.91 278.06 714.91 274.02 709.95 274.02C705.18 274.02 705.18 278.16 705.18 281.10L695.62 281.10C694.89 281.10 693.05 281.28 693.05 283.21C693.05 285.14 694.79 285.32 695.62 285.32L705.18 285.32L705.18 297.08C705.18 302.96 707.93 305.26 714.27 305.26ZM748.72 288.63C748.72 291.66 748.26 292.40 744.96 292.40L739.63 292.40C736.41 292.40 735.86 291.66 735.86 288.63L735.86 285.32L748.72 285.32ZM713.81 263.55L693.51 263.55C692.68 263.55 690.94 263.73 690.94 265.66C690.94 267.41 692.59 267.68 693.51 267.68L713.81 267.68C713.81 270.53 713.81 274.57 718.68 274.57C723.55 274.57 723.55 270.44 723.55 267.68L743.39 267.68C743.39 270.62 743.39 274.57 748.26 274.57C753.04 274.57 753.04 270.53 753.04 267.68L773.25 267.68C774.08 267.68 775.82 267.50 775.82 265.66C775.82 263.73 774.17 263.55 773.25 263.55L753.04 263.55L753.04 260.52C753.04 257.94 752.12 255.10 748.17 255.10C744.04 255.10 743.39 258.59 743.39 260.52L743.39 263.55L723.55 263.55L723.55 260.70C723.55 258.22 722.72 255.10 718.59 255.10C713.81 255.10 713.81 259.69 713.81 260.70Z" /></g><g id="char_4"><rect ry="8" rx="8" fill="#ebf766" height="114.84" width="114.84" y="240.57999999999998" x="802.8000000000001" /><rect ry="8" rx="8" stroke-width="14" stroke="#ffffff" fill="none" height="107.84" width="107.84" y="244.07999999999998" x="806.3000000000001" /><rect ry="8" rx="8" stroke-width="7" stroke="#2962c5" fill="none" height="107.84" width="107.84" y="244.07999999999998" x="806.3000000000001" /><path stroke-width="7" stroke="#ffffff" fill="none" d="M882.09 277.70C882.09 275.68 882.54 265.84 882.54 263.64C882.54 262.35 882.54 258.04 877.22 258.04C872.07 258.04 872.16 262.45 872.16 265.75L872.16 278.16C869.87 278.16 858.47 278.52 855.90 278.52C854.71 278.52 848.83 278.43 847.45 278.43C845.98 278.43 844.79 279.35 844.79 281.00C844.79 282.11 845.43 283.39 846.90 283.58C847.63 283.67 853.05 283.67 856.09 283.67C858.38 283.67 869.68 283.30 872.16 283.21C872.16 291.20 872.53 300.85 873.08 308.75C871.80 308.47 870.05 308.20 867.11 308.20C856.27 308.20 845.89 312.88 845.89 322.62C845.89 334.29 859.67 335.58 864.91 335.58C872.16 335.58 879.15 333.37 881.90 327.58C883.19 324.83 883.37 322.62 883.19 319.59C884.11 320.14 885.85 321.24 888.24 323.26C893.02 327.31 893.66 327.77 895.22 327.77C897.43 327.77 899.45 325.29 899.45 322.90C899.45 320.78 898.35 319.77 895.04 317.57C892.83 316.10 888.61 313.43 882.73 311.14C882.18 302.96 881.81 295.34 881.99 282.75C885.48 282.57 891.82 282.11 894.86 281.74C896.05 281.55 897.89 281.28 897.89 279.07C897.89 277.60 896.79 276.50 895.68 276.50C895.13 276.50 894.03 276.69 893.20 276.78C889.99 277.15 886.50 277.42 882.09 277.70ZM873.27 314.63C873.36 315.82 873.45 319.13 873.45 320.14C873.45 323.45 873.45 330.06 864.45 330.06C863.07 330.06 854.80 329.88 854.80 322.81C854.80 317.66 859.58 313.62 866.93 313.62C869.77 313.62 871.80 314.17 873.27 314.63ZM831.92 260.15C827.33 260.15 827.05 262.63 826.23 269.34C825.03 279.53 824.02 291.11 824.02 301.31C824.02 311.32 824.39 320.97 824.94 326.39C825.31 330.71 825.68 334.29 830.09 334.29C833.03 334.29 835.41 332.91 835.41 330.16C835.41 329.42 834.68 324.28 834.68 323.91C833.94 317.48 833.58 309.58 833.58 303.42C833.58 292.86 834.68 283.21 835.32 278.06C835.60 275.95 837.25 265.66 837.25 264.65C837.25 261.62 834.59 260.15 831.92 260.15Z" /><path fill="#2962c5" d="M882.09 277.70C882.09 275.68 882.54 265.84 882.54 263.64C882.54 262.35 882.54 258.04 877.22 258.04C872.07 258.04 872.16 262.45 872.16 265.75L872.16 278.16C869.87 278.16 858.47 278.52 855.90 278.52C854.71 278.52 848.83 278.43 847.45 278.43C845.98 278.43 844.79 279.35 844.79 281.00C844.79 282.11 845.43 283.39 846.90 283.58C847.63 283.67 853.05 283.67 856.09 283.67C858.38 283.67 869.68 283.30 872.16 283.21C872.16 291.20 872.53 300.85 873.08 308.75C871.80 308.47 870.05 308.20 867.11 308.20C856.27 308.20 845.89 312.88 845.89 322.62C845.89 334.29 859.67 335.58 864.91 335.58C872.16 335.58 879.15 333.37 881.90 327.58C883.19 324.83 883.37 322.62 883.19 319.59C884.11 320.14 885.85 321.24 888.24 323.26C893.02 327.31 893.66 327.77 895.22 327.77C897.43 327.77 899.45 325.29 899.45 322.90C899.45 320.78 898.35 319.77 895.04 317.57C892.83 316.10 888.61 313.43 882.73 311.14C882.18 302.96 881.81 295.34 881.99 282.75C885.48 282.57 891.82 282.11 894.86 281.74C896.05 281.55 897.89 281.28 897.89 279.07C897.89 277.60 896.79 276.50 895.68 276.50C895.13 276.50 894.03 276.69 893.20 276.78C889.99 277.15 886.50 277.42 882.09 277.70ZM873.27 314.63C873.36 315.82 873.45 319.13 873.45 320.14C873.45 323.45 873.45 330.06 864.45 330.06C863.07 330.06 854.80 329.88 854.80 322.81C854.80 317.66 859.58 313.62 866.93 313.62C869.77 313.62 871.80 314.17 873.27 314.63ZM831.92 260.15C827.33 260.15 827.05 262.63 826.23 269.34C825.03 279.53 824.02 291.11 824.02 301.31C824.02 311.32 824.39 320.97 824.94 326.39C825.31 330.71 825.68 334.29 830.09 334.29C833.03 334.29 835.41 332.91 835.41 330.16C835.41 329.42 834.68 324.28 834.68 323.91C833.94 317.48 833.58 309.58 833.58 303.42C833.58 292.86 834.68 283.21 835.32 278.06C835.60 275.95 837.25 265.66 837.25 264.65C837.25 261.62 834.59 260.15 831.92 260.15Z" /></g></g><g id="line_1"><g id="char_0"><rect ry="8" rx="8" stroke-width="7" stroke="#ffffff" fill="none" height="132" width="132" y="368" x="396.8" /><rect ry="8" rx="8" fill="#2962c5" height="132" width="132" y="368" x="396.8" /><path fill="#ffffff" d="M425.81 404.02C417.03 404.02 413.39 407.41 413.39 415.18L413.39 433.87C413.39 442.52 418.03 445.03 425.81 445.03L455.53 445.03C454.52 446.03 453.65 447.29 453.40 449.29C453.27 450.04 452.77 453.05 452.52 454.31L409.00 454.31C407.75 454.31 405.49 454.68 405.49 457.19C405.49 459.83 407.87 460.08 409.00 460.08L450.89 460.08C449.26 464.47 442.23 482.77 410.63 486.16C408.63 486.41 407.50 487.54 407.50 489.04C407.50 490.55 408.63 491.93 410.26 491.93C417.15 491.93 432.58 488.67 440.73 485.41C451.26 481.14 461.04 474.25 466.44 460.08L497.79 460.08C498.66 460.08 500.67 460.08 500.67 462.58C500.67 463.34 500.17 469.86 497.91 477.76C495.78 484.78 493.02 485.28 487.25 485.28L474.09 485.28C472.83 485.28 470.70 485.66 470.70 488.04C470.70 490.55 472.96 490.80 474.09 490.80L491.64 490.80C499.92 490.80 506.06 490.80 509.95 482.77C513.59 475.25 514.84 465.34 514.84 462.46C514.84 454.31 506.69 454.31 504.56 454.31L468.19 454.31C468.57 452.80 468.82 451.42 468.82 450.17C468.82 447.66 467.94 445.91 466.44 445.03L499.92 445.03C508.70 445.03 512.33 441.64 512.33 433.87L512.33 415.18C512.33 406.66 507.69 404.02 499.92 404.02L477.72 404.02C477.85 402.89 477.72 402.39 477.35 401.26C485.62 398.13 501.67 390.48 503.30 389.60C505.19 388.47 506.56 386.84 506.56 385.21C506.56 381.33 502.43 380.57 499.54 380.57L416.28 380.57C415.02 380.57 412.77 380.95 412.77 383.46C412.77 385.97 415.15 386.34 416.28 386.34L480.73 386.34C481.74 386.34 482.61 386.72 482.61 387.85C482.61 389.35 472.96 395.12 470.70 396.50C463.93 393.61 447.63 388.72 442.74 388.72C441.23 388.72 439.73 389.73 439.73 391.48C439.73 393.24 441.23 393.99 442.49 394.49C452.89 399.01 455.78 400.39 461.30 404.02ZM456.28 409.79L456.28 421.20L426.94 421.20L426.94 415.18C426.94 411.05 427.81 409.79 432.33 409.79ZM426.94 426.97L456.28 426.97L456.28 439.26L432.33 439.26C427.69 439.26 426.94 437.88 426.94 433.87ZM469.32 439.26L469.32 426.97L498.54 426.97L498.54 433.87C498.54 437.88 497.79 439.26 493.15 439.26ZM498.54 421.20L469.32 421.20L469.32 409.79L493.15 409.79C497.66 409.79 498.54 411.05 498.54 415.18Z" /></g><g id="char_1"><rect ry="8" rx="8" stroke-width="7" stroke="#ffffff" fill="none" height="114.84" width="114.84" y="376.58" x="540.8" /><rect ry="8" rx="8" fill="#2962c5" height="114.84" width="114.84" y="376.58" x="540.8" /><path fill="#ffffff" d="M619.60 417.30C626.48 411.63 639.46 399.85 639.46 394.72C639.46 391.88 636.40 389.15 632.69 389.15C629.64 389.15 628.33 390.68 626.69 393.19C623.75 397.88 617.75 407.37 605.42 417.30L597.13 417.30L597.13 401.05L613.06 401.05C613.93 401.05 616.44 401.05 616.44 398.54C616.44 396.03 613.93 396.03 613.06 396.03L597.13 396.03L597.13 390.90C597.13 388.06 597.13 383.37 591.02 383.37C585.02 383.37 585.02 388.06 585.02 390.90L585.02 396.03L561.45 396.03C560.58 396.03 558.18 396.03 558.18 398.54C558.18 401.05 560.69 401.05 561.45 401.05L585.02 401.05L585.02 417.30L551.42 417.30C550.54 417.30 548.14 417.30 548.14 419.81C548.14 422.32 550.54 422.32 551.42 422.32L598.87 422.32C591.24 427.78 573.67 438.03 551.31 442.61C549.78 442.94 547.71 443.38 547.71 445.45C547.71 446.76 548.80 447.96 550.22 447.96C550.87 447.96 558.40 446.76 569.96 443.38C569.85 444.03 569.85 444.36 569.85 445.23L569.85 472.18C569.85 479.05 573.67 482.00 580.66 482.00L623.42 482.00C629.53 482.00 634.22 479.82 634.22 472.18L634.22 445.23C634.22 438.47 630.62 435.41 623.42 435.41L590.69 435.41C601.38 430.39 609.68 424.72 613.06 422.32L644.91 422.32C645.79 422.32 648.19 422.32 648.19 419.81C648.19 417.30 645.79 417.30 644.91 417.30ZM581.64 456.03L581.64 445.45C581.64 441.30 582.62 440.32 586.66 440.32L617.31 440.32C621.35 440.32 622.44 441.30 622.44 445.45L622.44 456.03ZM622.44 461.05L622.44 471.85C622.44 475.89 621.46 476.98 617.31 476.98L586.66 476.98C582.51 476.98 581.64 475.89 581.64 471.85L581.64 461.05Z" /></g><g id="char_2"><rect ry="8" rx="8" fill="#ebf766" height="114.84" width="114.84" y="376.58" x="667.64" /><rect ry="8" rx="8" stroke-width="14" stroke="#ffffff" fill="none" height="107.84" width="107.84" y="380.08" x="671.14" /><rect ry="8" rx="8" stroke-width="7" stroke="#2962c5" fill="none" height="107.84" width="107.84" y="380.08" x="671.14" /><path stroke-width="7" stroke="#ffffff" fill="none" d="M760.06 413.33C758.50 413.05 757.31 414.25 757.31 415.44C757.31 415.99 757.49 416.64 758.04 417.19C760.34 419.76 760.52 419.94 761.72 421.60C764.29 425.09 764.56 425.46 765.76 425.46C767.60 425.46 768.97 423.99 768.97 422.33C768.97 419.85 761.26 413.51 760.06 413.33ZM751.34 417.10C749.68 416.73 748.40 417.83 748.40 419.21C748.40 419.94 748.95 420.68 749.41 421.23C750.88 422.98 752.81 426.01 753.54 427.20C755.29 430.14 755.56 430.60 757.12 430.60C758.96 430.60 760.52 429.13 760.52 427.39C760.52 425.09 752.81 417.46 751.34 417.10ZM732.41 405.70C726.16 408.92 708.16 418.29 708.16 439.05C708.16 463.03 730.66 469.83 746.74 469.83C747.94 469.83 750.69 469.83 750.69 466.80C750.69 464.13 748.21 464.04 746.47 463.95C728.37 463.49 719.27 452.10 719.27 436.85C719.27 420.22 730.66 405.89 755.75 405.15C760.80 404.97 762.18 404.97 762.18 402.40C762.18 399.55 759.51 399.55 758.78 399.55C756.85 399.55 744.35 400.28 740.77 400.56C734.16 401.02 705.22 402.40 698.60 402.76C687.48 403.50 686.66 403.41 686.66 406.07C686.66 407.63 687.85 408.74 689.23 408.74C689.60 408.74 700.62 407.82 702.83 407.63C703.47 407.63 724.69 405.98 732.41 405.70Z" /><path fill="#2962c5" d="M760.06 413.33C758.50 413.05 757.31 414.25 757.31 415.44C757.31 415.99 757.49 416.64 758.04 417.19C760.34 419.76 760.52 419.94 761.72 421.60C764.29 425.09 764.56 425.46 765.76 425.46C767.60 425.46 768.97 423.99 768.97 422.33C768.97 419.85 761.26 413.51 760.06 413.33ZM751.34 417.10C749.68 416.73 748.40 417.83 748.40 419.21C748.40 419.94 748.95 420.68 749.41 421.23C750.88 422.98 752.81 426.01 753.54 427.20C755.29 430.14 755.56 430.60 757.12 430.60C758.96 430.60 760.52 429.13 760.52 427.39C760.52 425.09 752.81 417.46 751.34 417.10ZM732.41 405.70C726.16 408.92 708.16 418.29 708.16 439.05C708.16 463.03 730.66 469.83 746.74 469.83C747.94 469.83 750.69 469.83 750.69 466.80C750.69 464.13 748.21 464.04 746.47 463.95C728.37 463.49 719.27 452.10 719.27 436.85C719.27 420.22 730.66 405.89 755.75 405.15C760.80 404.97 762.18 404.97 762.18 402.40C762.18 399.55 759.51 399.55 758.78 399.55C756.85 399.55 744.35 400.28 740.77 400.56C734.16 401.02 705.22 402.40 698.60 402.76C687.48 403.50 686.66 403.41 686.66 406.07C686.66 407.63 687.85 408.74 689.23 408.74C689.60 408.74 700.62 407.82 702.83 407.63C703.47 407.63 724.69 405.98 732.41 405.70Z" /></g><g id="char_3"><rect ry="8" rx="8" fill="#ebf766" height="132" width="132" y="368" x="794.48" /><rect ry="8" rx="8" stroke-width="14" stroke="#ffffff" fill="none" height="125" width="125" y="371.5" x="797.98" /><rect ry="8" rx="8" stroke-width="7" stroke="#2962c5" fill="none" height="125" width="125" y="371.5" x="797.98" /><path stroke-width="7" stroke="#ffffff" fill="none" d="M876.21 428.72C886.77 432.73 890.47 440.23 890.47 448.36C890.47 460.72 882.34 470.54 869.03 472.76C864.28 473.60 863.33 473.81 863.33 476.03C863.33 477.72 864.39 478.99 866.39 478.99C867.56 478.99 902.40 476.45 902.40 447.94C902.40 431.36 890.47 421.75 868.08 421.75C862.28 421.75 859.42 422.28 856.36 422.91C856.89 417.32 857.63 412.35 858.05 409.50C871.57 409.08 885.61 408.23 890.68 407.71C893.74 407.39 895.22 406.97 895.22 404.54C895.22 403.16 894.27 401.58 892.05 401.58C888.78 401.58 883.71 402.32 880.44 402.53C876.85 402.74 868.29 403.27 859.00 403.69C859.53 400.74 861.54 391.02 861.54 390.07C861.54 387.32 859.21 385.00 855.31 385.00C850.34 385.00 849.71 388.06 849.29 390.28C848.97 392.08 848.44 396.41 847.60 404.12C840.10 404.33 831.86 404.43 824.36 404.43C823.20 404.43 820.77 404.43 820.77 407.49C820.77 410.45 823.31 410.45 824.58 410.45C830.70 410.45 841.05 410.24 846.96 409.92C846.75 412.46 845.91 423.33 845.80 425.76C840.94 427.88 835.66 430.20 830.17 435.48C823.84 441.60 819.82 449.73 819.82 458.29C819.82 462.41 820.56 475.82 835.56 475.82C848.97 475.82 867.24 464.52 876.21 428.72ZM867.77 427.03C865.97 436.85 862.70 446.25 857.31 454.59C855.52 447.31 855.73 434.53 856.04 428.40C859.11 427.56 862.91 426.82 867.77 427.03ZM848.97 463.15C845.70 466.10 841.16 468.53 836.72 468.53C830.49 468.53 829.64 461.98 829.64 458.50C829.64 453.64 831.12 447.62 835.03 442.24C838.62 437.27 842.32 435.27 845.70 433.37C845.70 438.22 845.59 453.22 848.97 463.15Z" /><path fill="#2962c5" d="M876.21 428.72C886.77 432.73 890.47 440.23 890.47 448.36C890.47 460.72 882.34 470.54 869.03 472.76C864.28 473.60 863.33 473.81 863.33 476.03C863.33 477.72 864.39 478.99 866.39 478.99C867.56 478.99 902.40 476.45 902.40 447.94C902.40 431.36 890.47 421.75 868.08 421.75C862.28 421.75 859.42 422.28 856.36 422.91C856.89 417.32 857.63 412.35 858.05 409.50C871.57 409.08 885.61 408.23 890.68 407.71C893.74 407.39 895.22 406.97 895.22 404.54C895.22 403.16 894.27 401.58 892.05 401.58C888.78 401.58 883.71 402.32 880.44 402.53C876.85 402.74 868.29 403.27 859.00 403.69C859.53 400.74 861.54 391.02 861.54 390.07C861.54 387.32 859.21 385.00 855.31 385.00C850.34 385.00 849.71 388.06 849.29 390.28C848.97 392.08 848.44 396.41 847.60 404.12C840.10 404.33 831.86 404.43 824.36 404.43C823.20 404.43 820.77 404.43 820.77 407.49C820.77 410.45 823.31 410.45 824.58 410.45C830.70 410.45 841.05 410.24 846.96 409.92C846.75 412.46 845.91 423.33 845.80 425.76C840.94 427.88 835.66 430.20 830.17 435.48C823.84 441.60 819.82 449.73 819.82 458.29C819.82 462.41 820.56 475.82 835.56 475.82C848.97 475.82 867.24 464.52 876.21 428.72ZM867.77 427.03C865.97 436.85 862.70 446.25 857.31 454.59C855.52 447.31 855.73 434.53 856.04 428.40C859.11 427.56 862.91 426.82 867.77 427.03ZM848.97 463.15C845.70 466.10 841.16 468.53 836.72 468.53C830.49 468.53 829.64 461.98 829.64 458.50C829.64 453.64 831.12 447.62 835.03 442.24C838.62 437.27 842.32 435.27 845.70 433.37C845.70 438.22 845.59 453.22 848.97 463.15Z" /></g><g id="char_4"><rect ry="8" rx="8" fill="#ebf766" height="114.84" width="114.84" y="376.58" x="938.48" /><rect ry="8" rx="8" stroke-width="14" stroke="#ffffff" fill="none" height="107.84" width="107.84" y="380.08" x="941.98" /><rect ry="8" rx="8" stroke-width="7" stroke="#2962c5" fill="none" height="107.84" width="107.84" y="380.08" x="941.98" /><path stroke-width="7" stroke="#ffffff" fill="none" d="M1002.79 400.47C997.55 405.80 977.62 424.63 969.26 432.25C960.44 440.34 959.43 441.26 959.43 443.74C959.43 446.49 961.63 448.61 964.30 448.61C966.32 448.61 966.78 448.15 970.82 443.83C977.25 437.03 987.63 428.30 1001.50 428.30C1018.22 428.30 1020.25 441.63 1020.25 446.40C1020.25 450.26 1019.33 458.35 1010.05 464.41C1009.13 460.55 1006.10 447.32 990.11 447.32C981.48 447.32 975.14 451.64 975.14 459.17C975.14 467.53 983.59 473.05 996.08 473.05C1018.87 473.05 1030.90 460.18 1030.90 445.67C1030.90 428.12 1013.63 423.71 1002.97 423.71C995.62 423.71 991.58 425.27 988.27 426.47C995.99 419.39 1003.80 412.32 1011.70 405.43C1015.28 402.30 1016.66 401.11 1016.66 399.00C1016.66 396.06 1014.37 394.68 1011.15 394.68C1009.96 394.68 1004.26 395.05 1002.97 395.14C1002.15 395.14 988.00 395.87 976.15 396.15C973.94 396.24 971.65 396.24 971.65 399.27C971.65 400.56 972.38 402.12 974.59 402.12C978.08 402.12 998.47 400.74 1002.79 400.47ZM1001.87 467.81C1000.03 468.18 998.66 468.36 996.91 468.36C994.89 468.36 983.22 468.36 983.22 459.54C983.22 455.68 986.35 452.37 990.66 452.37C995.26 452.37 1000.68 455.22 1001.87 467.81Z" /><path fill="#2962c5" d="M1002.79 400.47C997.55 405.80 977.62 424.63 969.26 432.25C960.44 440.34 959.43 441.26 959.43 443.74C959.43 446.49 961.63 448.61 964.30 448.61C966.32 448.61 966.78 448.15 970.82 443.83C977.25 437.03 987.63 428.30 1001.50 428.30C1018.22 428.30 1020.25 441.63 1020.25 446.40C1020.25 450.26 1019.33 458.35 1010.05 464.41C1009.13 460.55 1006.10 447.32 990.11 447.32C981.48 447.32 975.14 451.64 975.14 459.17C975.14 467.53 983.59 473.05 996.08 473.05C1018.87 473.05 1030.90 460.18 1030.90 445.67C1030.90 428.12 1013.63 423.71 1002.97 423.71C995.62 423.71 991.58 425.27 988.27 426.47C995.99 419.39 1003.80 412.32 1011.70 405.43C1015.28 402.30 1016.66 401.11 1016.66 399.00C1016.66 396.06 1014.37 394.68 1011.15 394.68C1009.96 394.68 1004.26 395.05 1002.97 395.14C1002.15 395.14 988.00 395.87 976.15 396.15C973.94 396.24 971.65 396.24 971.65 399.27C971.65 400.56 972.38 402.12 974.59 402.12C978.08 402.12 998.47 400.74 1002.79 400.47ZM1001.87 467.81C1000.03 468.18 998.66 468.36 996.91 468.36C994.89 468.36 983.22 468.36 983.22 459.54C983.22 455.68 986.35 452.37 990.66 452.37C995.26 452.37 1000.68 455.22 1001.87 467.81Z" /></g></g></svg>"`;
